1,Andrew
2,Bob,50.00
3,Charis,200.00
5,Ema,100.00
