2,BBB,2014896,2000.00
3,CCC,2044687,20000.00
5,EEE,2104269,50000.00
